// Jest Snapshot v1, https://goo.gl/fbAQLP

exports[`Loading Modal Component should have match the given snapshot 1`] = `
<div
  className="ah_modal_backdrop_wrapper"
>
  <div
    className="ah_modal_backdrop"
    onClick={[MockFunction]}
    onKeyPress={[MockFunction]}
    role="button"
    tabIndex="0"
  />
  <div
    className="ah_modal login_body_modal"
  >
    <button
      className="ah_modal_close"
      id="ah-modal-close"
      onClick={[MockFunction]}
      type="button"
    >
      Ã—
    </button>
    <header
      className="ah_modal_header"
    >
      <img
        alt="authors haven logo"
        className="ah_modal_header_img"
        src="https://res.cloudinary.com/artemisah/image/upload/v1554320883/authorshaven/AH_logo_white.png"
      />
      <h2
        className="ah_modal_header_text"
      >
        Login
      </h2>
    </header>
    <div
      className="login_body"
    >
      <p
        className="login_body_required_text"
      >
        *(Required fields)
      </p>
      <section
        className="login_body_info"
      >
        <section
          className="login_body_socials"
        >
          <button
            className="ah-btn login_body_socials_btn login_body_socials_facebook facebookDesktop"
            disabled={false}
            id=""
            onClick={[Function]}
            type="text"
          >
            <img
              alt="facebook logo"
              className="login_body_socials_btn_img"
              src={
                Object {
                  "process": [Function],
                }
              }
            />
            Sign in with Facebook
          </button>
          <button
            className="ah-btn login_body_socials_btn login_body_socials_twitter twitterDesktop"
            disabled={false}
            id=""
            onClick={[Function]}
            type="text"
          >
            <img
              alt="twitter logo"
              className="login_body_socials_btn_img"
              src={
                Object {
                  "process": [Function],
                }
              }
            />
            Sign in with Twitter
          </button>
          <button
            className="ah-btn login_body_socials_btn login_body_socials_google googleDesktop"
            disabled={false}
            id=""
            onClick={[Function]}
            type="text"
          >
            <img
              alt="google logo"
              className="login_body_socials_btn_img"
              src={
                Object {
                  "process": [Function],
                }
              }
            />
            Sign in with Google
          </button>
        </section>
        <section
          className="login_body_socials_responsive"
        >
          <p
            className="login_body_socials_responsive_text"
          >
            Sign in with
          </p>
          <button
            className="ah-btn login_body_socials_btn login_body_socials_facebook facebookMobile"
            disabled={false}
            id=""
            onClick={[Function]}
            type="text"
          >
            <img
              alt="facebook logo"
              className="login_body_socials_responsive_btn_img"
              src={
                Object {
                  "process": [Function],
                }
              }
            />
            
          </button>
          <button
            className="ah-btn login_body_socials_btn login_body_socials_twitter twitterMobile"
            disabled={false}
            id=""
            onClick={[Function]}
            type="text"
          >
            <img
              alt="twitter logo"
              className="login_body_socials_responsive_btn_img"
              src={
                Object {
                  "process": [Function],
                }
              }
            />
            
          </button>
          <button
            className="ah-btn login_body_socials_btn login_body_socials_google googleMobile"
            disabled={false}
            id=""
            onClick={[Function]}
            type="text"
          >
            <img
              alt="google logo"
              className="login_body_socials_responsive_btn_img"
              src={
                Object {
                  "process": [Function],
                }
              }
            />
            
          </button>
        </section>
        <section
          className="login_body_divider"
        >
          <hr
            className="login_body_divider_line"
          />
          <span
            className="login_body_divider_span"
          >
            OR
          </span>
        </section>
        <form
          className="login_body_form"
          id="loginForm"
          onSubmit={[Function]}
        >
          
          <span
            className="ah-input-required-asterisk"
          >
            *
          </span>
          <input
            className="ah-input login_body_form_input"
            maxLength=""
            minLength=""
            name="name"
            onChange={[Function]}
            placeholder="Email or Username"
            required={true}
            type="text"
          />
          
          <span
            className="ah-input-required-asterisk"
          >
            *
          </span>
          <input
            className="ah-input login_body_form_input"
            maxLength=""
            minLength=""
            name="password"
            onChange={[Function]}
            placeholder="Password"
            required={true}
            type="password"
          />
          
          <div
            className="login_body_form_rem_div"
          >
            <input
              className="ah-input login_body_form_rem_div_input"
              name="rememberMe"
              onChange={[Function]}
              placeholder=""
              type="checkbox"
            />
            <p
              className="login_body_form_rem_div_text"
            >
              Remember me
            </p>
          </div>
          <button
            className="ah-btn login_body_form_submit_btn"
            disabled={false}
            id=""
            onClick={[Function]}
            type="submit"
          >
            
            Login
          </button>
          <div
            className="login_body_form_links"
          >
            <button
              className="ah-btn ah_signup_registered-link hasAccount link_lookalike"
              disabled={false}
              id="login-register-btn"
              onClick={[Function]}
              type="button"
            >
              
              Register Now
            </button>
            <a
              className="login_body_form_link"
              href="/"
            >
              Forgot password?
            </a>
          </div>
        </form>
      </section>
    </div>
  </div>
</div>
`;
