// Jest Snapshot v1, https://goo.gl/fbAQLP

exports[`ResetPassword Page Component should match the given snapshot 1`] = `ReactWrapper {}`;

exports[`should match the shallow snapshot should match the state of component 1`] = `ShallowWrapper {}`;
